limbo
god
medienne
medienne_forest
anthill
chiiron
dark_forest_add
medienne_graveyard
natural_caves
castle_lag_II
hidden_caves
slime_caves
khadel
apple_worms
castle_lag_graveyard
kobold_caves
monastery
medienne_sewers
vaasa
voaleth
northern_sea_trail
beach_sea_of_stars
dark_forest
chiiron_brush
chiiron_waterfall
kssk_swamp_add
chiiron_cemetery
sea_cave_skeleton_ship
vertical_passage
khada
orc_raider_camp
zarandars_tower
bugbear_lair
great_north_road
darkhaven
denab
cairn
soskul
kssk_swamp
warlock_coven_mines
renegade_dwarves
hill_giants
khada_north
castle_lag
orlumber
death
arena
wyrm_lair
great_dragonspire_mountains
kerog
troll_warrens
darkenwood
medienne_crypt
desertroad
narak
pennan_narak_corridor
high_mountain_valley
great_northern_pass
pennan_rua_valley
naraki_catacombs
voaleth_caverns
wood_imps
renegade_gnomes
talonwood
farm_stroud
black_hills
pennan_hills
decrepit_house
half_goblins
dark_citadel
rabbit_warrens
chiiron_surrounding
cardinal_magics_tower
pennan_shops
field_of_valor
grimbles_place
ruined_mansion
bitter_pool
old_forest_mntn_road
naraki_desert_add
farm_stroud_II
andraasan
mntns_black_hills
fire_ants
cliff_of_eagles
desert_ogres
bumble_bees
greenhouse
pixie_forest
trainers_ranger_mage
labyrinth
iguana_lair
dragonspire_glacier
barren_brush
great_southern_jungle
gremlins
harandda_tomb
chiiron_bandits
clan_strongholds
quarry
southern_cairn
naraki_desert
great_pyramid
desert_canyon
households
trogdolytes
alignment_quests
vyan_tombs
quiet_elf_village
voaleth_palace
temple_of_morkith
farm_abandoned
clan_houses
black_wastes
ethereal_white_tower
efreets
the_rift
bad_area
appleglen_farms
farm_pig
great_snowy_plain
magus_towers
enchanted_garden
western_plains
serpent_lair
norduns_chambers
sea_sprites
glory_hole_mine
theatre
temple_of_rilahl
road_to_tarik_nor
dragon_hatchery
dalentil_village
deep_caverns
farm_rosentoe
farm_north_appleglen
desert_scarab
forest_of_kings
valley_western_slopes
secluded_glade
new_arena
brithbarad
broken_forest
tower_of_black_order
talis_maze
eerie_caverns
barbarian_camp
icalah_tree
troll_warrens_II
sjerdils_tower
honeypot_ants
crabman_catacombs
huntsmans_woods
mist_filled_marsh
gnomish_picnic
harks_finger
voaleth_tunnel
mountain_valley
forgotten_tombs
cyclops_caverns
shadowy_forest
sea_of_stars
smugglers_grotto
fire_newts
wererat_temple
sandcrab_tunnels
trainer_thief
fungal_caverns
stag_beetle_lair
orlumber_road
appleglen_and_surrounding
cacogens_area
dark_temple_ruins
cliff_face
lyons_den
renegade_dwarves_new
blank2
new30
new31
new32
new33
new34
new35
blank1
$
